// Vitest Snapshot v1, https://vitest.dev/guide/snapshot.html

exports[`12.c2 ItisIcon > 12.c2.3 change prop 'icon-type' to 'excited' 1`] = `
<div
  data-v-app=""
>
  
  <!--Начало-->
  <!--Конец-->
  
</div>
`;

exports[`12.c2 ItisIcon > 12.c2.4 change prop 'icon-type' to 'loved' 1`] = `
<div
  data-v-app=""
>
  
  <!--Начало-->
  <!--Конец-->
  
</div>
`;

exports[`12.c2 ItisIcon > 12.c2.5 change prop 'icon-type' to 'happy' 1`] = `
<div
  data-v-app=""
>
  
  <!--Начало-->
  <!--Конец-->
  
</div>
`;
